// Jest Snapshot v1, https://goo.gl/fbAQLP

exports[`hgseSurveyResponseMapper should match the snapshot for a given response 1`] = `
{
  "academicIntegrityPolicy": "SomeIntegrityPolicy",
  "additionalGenerativeAiToolsDeclarations": [
    "SomeGenerativeAiTools1",
    "SomeGenerativeAiTools2",
  ],
  "additionalGuidelines": "SomeAdditionalGuidelines",
  "additionalNotes": "SomeNotes",
  "additionalPolicyText": "This policy document is designed to clarify and transparently outline the use of generative AI in our course. It is crucial for students to also comply with all additional university-wide and school-wide policies listed below.",
  "campusWidePolicy": "SomeCampusPolicy",
  "courseNumber": "CourseNumber123",
  "courseTitle": "CourseTitleABC",
  "createdAt": "2023-09-08",
  "departmentWidePolicy": "SomeDepartmentPolicy",
  "email": "email@example.com",
  "ethicalGuidelines": [
    "Guideline1",
    "Guideline2",
  ],
  "generativeAiToolDeclarations": [
    "ToolDeclaration1",
  ],
  "id": "SomeID",
  "instructor": "InstructorXYZ",
  "otherPolicies": "SomeOtherPolicies",
  "overallPolicy": "Allowed under conditions",
  "overallPolicyText": "We recognize the potential benefits of incorporating generative AI in the learning process. As such, we embrace the use of generative AI tools by our students. In this policy, we employ a "reasonable/not reasonable" system rather than a strict "allowed/not allowed" one (inspired by CS50 at Harvard). This approach fosters proactive thinking among students by encouraging them to understand context, evaluate implications, and make thoughtful decisions. ",
  "specificPoliciesForAssignments": "SomeSpecificPolicies",
  "useCases": {
    "acceptable": [
      {
        "label": "Grammar Check",
        "text": "Test",
      },
      {
        "label": "Additional examples",
        "text": "SomeQID19Text",
      },
    ],
    "unacceptable": [
      {
        "label": "Concept Learning",
        "text": "Test",
      },
      {
        "label": "Additional examples",
        "text": "SomeQID20Text",
      },
    ],
  },
}
`;
